
/home/runner/work/exp-factorization-using-shors-algorithm-amrt/exp-factorization-using-shors-algorithm-amrt/experiment/simulation/js/index-CaA72gJY.js
   17:4182    warning  'process' is not defined                                                   no-undef
   17:4208    warning  'process' is not defined                                                   no-undef
   25:1009    warning  'setImmediate' is not defined                                              no-undef
   25:1847    warning  Unreachable code                                                           no-unreachable
   33:3442    warning  '__REACT_DEVTOOLS_GLOBAL_HOOK__' is not defined                            no-undef
   33:3499    warning  '__REACT_DEVTOOLS_GLOBAL_HOOK__' is not defined                            no-undef
   41:3254    warning  Empty block statement                                                      no-empty
   46:206     warning  Expected a conditional expression and instead saw an assignment            no-cond-assign
   48:548     warning  Empty block statement                                                      no-empty
   48:4251    warning  Expected a conditional expression and instead saw an assignment            no-cond-assign
   48:4351    warning  Expected a conditional expression and instead saw an assignment            no-cond-assign
   48:4434    warning  Expected a conditional expression and instead saw an assignment            no-cond-assign
   48:4891    warning  Unexpected combined character in character class                           no-misleading-character-class
   48:6406    warning  Do not access Object.prototype method 'hasOwnProperty' from target object  no-prototype-builtins
   48:8634    warning  Do not access Object.prototype method 'hasOwnProperty' from target object  no-prototype-builtins
   48:10751   warning  Do not access Object.prototype method 'hasOwnProperty' from target object  no-prototype-builtins
   48:10781   warning  Do not access Object.prototype method 'hasOwnProperty' from target object  no-prototype-builtins
   48:10900   warning  Do not access Object.prototype method 'hasOwnProperty' from target object  no-prototype-builtins
   48:10961   warning  Do not access Object.prototype method 'hasOwnProperty' from target object  no-prototype-builtins
   48:13924   warning  Unexpected control character(s) in regular expression: \x00, \x1f          no-control-regex
   48:15967   warning  Expected to return a value in method 'get'                                 getter-return
   48:16657   warning  Do not access Object.prototype method 'hasOwnProperty' from target object  no-prototype-builtins
   48:16999   warning  Invalid typeof comparison value                                            valid-typeof
   48:17173   warning  Invalid typeof comparison value                                            valid-typeof
   48:19038   warning  Expected a conditional expression and instead saw an assignment            no-cond-assign
   48:25357   warning  Do not access Object.prototype method 'hasOwnProperty' from target object  no-prototype-builtins
   48:26667   warning  'process' is not defined                                                   no-undef
   48:26693   warning  'process' is not defined                                                   no-undef
   48:43833   warning  Empty block statement                                                      no-empty
   48:45944   warning  Expected a 'break' statement before 'case'                                 no-fallthrough
   48:46417   warning  Unexpected constant condition                                              no-constant-condition
   48:59494   warning  Empty block statement                                                      no-empty
   48:59503   warning  Empty block statement                                                      no-empty
   48:65057   warning  Expected a conditional expression and instead saw an assignment            no-cond-assign
   48:69963   warning  Expected a conditional expression and instead saw an assignment            no-cond-assign
   48:72871   warning  Expected a conditional expression and instead saw an assignment            no-cond-assign
   48:73985   warning  Expected a conditional expression and instead saw an assignment            no-cond-assign
   48:75667   warning  Expected a conditional expression and instead saw an assignment            no-cond-assign
   48:82302   warning  Expected a conditional expression and instead saw an assignment            no-cond-assign
   48:87290   warning  Unnecessary escape character: \/                                           no-useless-escape
   48:98084   warning  Expected a 'break' statement before 'case'                                 no-fallthrough
   48:99037   warning  Empty block statement                                                      no-empty
   48:99316   warning  Expected a 'break' statement before 'case'                                 no-fallthrough
   48:102512  warning  Expected a conditional expression and instead saw an assignment            no-cond-assign
   48:104895  warning  Do not access Object.prototype method 'hasOwnProperty' from target object  no-prototype-builtins
   48:106718  warning  Expected a 'break' statement before 'case'                                 no-fallthrough
   48:107391  warning  Expected a 'break' statement before 'case'                                 no-fallthrough
   48:113184  warning  Expected a 'break' statement before 'case'                                 no-fallthrough
   48:113518  warning  Unexpected constant condition                                              no-constant-condition
   48:116154  warning  Unexpected constant condition                                              no-constant-condition
   48:116779  warning  Expected a 'break' statement before 'case'                                 no-fallthrough
   48:117100  warning  Unexpected constant condition                                              no-constant-condition
   48:117500  warning  Expected a 'break' statement before 'default'                              no-fallthrough
   48:120004  warning  Expected a conditional expression and instead saw an assignment            no-cond-assign
   48:120824  warning  Empty block statement                                                      no-empty
   48:121574  warning  Empty block statement                                                      no-empty
   48:123051  warning  'a' is defined but never used                                              no-unused-vars
   48:125443  warning  Expected a conditional expression and instead saw an assignment            no-cond-assign
   48:129212  warning  Expected a 'break' statement before 'case'                                 no-fallthrough
   48:129401  warning  Expected a 'break' statement before 'case'                                 no-fallthrough
   48:130641  warning  Expected a conditional expression and instead saw an assignment            no-cond-assign
   48:132219  warning  Expected a 'break' statement before 'case'                                 no-fallthrough
   48:133776  warning  Unexpected control character(s) in regular expression: \x00                no-control-regex
   49:476     warning  Expected a 'break' statement before 'case'                                 no-fallthrough
   49:5078    warning  Do not access Object.prototype method 'hasOwnProperty' from target object  no-prototype-builtins
   49:5650    warning  Do not access Object.prototype method 'hasOwnProperty' from target object  no-prototype-builtins
   49:5989    warning  Do not access Object.prototype method 'hasOwnProperty' from target object  no-prototype-builtins
   49:6394    warning  Do not access Object.prototype method 'hasOwnProperty' from target object  no-prototype-builtins
   49:6510    warning  Expected a 'break' statement before 'default'                              no-fallthrough
   49:6672    warning  Do not access Object.prototype method 'hasOwnProperty' from target object  no-prototype-builtins
   49:6935    warning  Do not access Object.prototype method 'hasOwnProperty' from target object  no-prototype-builtins
   49:7429    warning  Expected a 'break' statement before 'case'                                 no-fallthrough
   49:7568    warning  Do not access Object.prototype method 'hasOwnProperty' from target object  no-prototype-builtins
   49:7747    warning  Do not access Object.prototype method 'hasOwnProperty' from target object  no-prototype-builtins
   49:7832    warning  Do not access Object.prototype method 'hasOwnProperty' from target object  no-prototype-builtins
   49:8095    warning  Do not access Object.prototype method 'hasOwnProperty' from target object  no-prototype-builtins
   49:8195    warning  Expected a 'break' statement before 'default'                              no-fallthrough
   49:8205    warning  Do not access Object.prototype method 'hasOwnProperty' from target object  no-prototype-builtins
   49:8285    warning  Do not access Object.prototype method 'hasOwnProperty' from target object  no-prototype-builtins
   49:8678    warning  Do not access Object.prototype method 'hasOwnProperty' from target object  no-prototype-builtins
   49:8752    warning  Expected a 'break' statement before 'default'                              no-fallthrough
   49:8762    warning  Do not access Object.prototype method 'hasOwnProperty' from target object  no-prototype-builtins
   49:8830    warning  Do not access Object.prototype method 'hasOwnProperty' from target object  no-prototype-builtins
   49:8948    warning  Expected a 'break' statement before 'default'                              no-fallthrough
   49:9124    warning  Do not access Object.prototype method 'hasOwnProperty' from target object  no-prototype-builtins
   49:9155    warning  Do not access Object.prototype method 'hasOwnProperty' from target object  no-prototype-builtins
   49:9279    warning  Do not access Object.prototype method 'hasOwnProperty' from target object  no-prototype-builtins
   49:9555    warning  Do not access Object.prototype method 'hasOwnProperty' from target object  no-prototype-builtins
   49:9587    warning  Do not access Object.prototype method 'hasOwnProperty' from target object  no-prototype-builtins
   49:9710    warning  Do not access Object.prototype method 'hasOwnProperty' from target object  no-prototype-builtins
   49:10067   warning  Do not access Object.prototype method 'hasOwnProperty' from target object  no-prototype-builtins
   49:10099   warning  Do not access Object.prototype method 'hasOwnProperty' from target object  no-prototype-builtins
   49:10169   warning  Do not access Object.prototype method 'hasOwnProperty' from target object  no-prototype-builtins
   49:10383   warning  Do not access Object.prototype method 'hasOwnProperty' from target object  no-prototype-builtins
   49:10418   warning  Do not access Object.prototype method 'hasOwnProperty' from target object  no-prototype-builtins
   49:10491   warning  Do not access Object.prototype method 'hasOwnProperty' from target object  no-prototype-builtins
   49:10591   warning  Do not access Object.prototype method 'hasOwnProperty' from target object  no-prototype-builtins
   49:10622   warning  Do not access Object.prototype method 'hasOwnProperty' from target object  no-prototype-builtins
   49:10691   warning  Do not access Object.prototype method 'hasOwnProperty' from target object  no-prototype-builtins
   49:18744   warning  Expected a conditional expression and instead saw an assignment            no-cond-assign
   49:19817   warning  Expected a conditional expression and instead saw an assignment            no-cond-assign
   49:22350   warning  Expected a conditional expression and instead saw an assignment            no-cond-assign
   49:34431   warning  'navigation' is not defined                                                no-undef
   49:34460   warning  'navigation' is not defined                                                no-undef
   49:34500   warning  'navigation' is not defined                                                no-undef
   49:34646   warning  'navigation' is not defined                                                no-undef
   49:34688   warning  'navigation' is not defined                                                no-undef
   49:34737   warning  'navigation' is not defined                                                no-undef
   49:34818   warning  'navigation' is not defined                                                no-undef
   49:34863   warning  'navigation' is not defined                                                no-undef
   49:34915   warning  'navigation' is not defined                                                no-undef
   49:36062   warning  '__REACT_DEVTOOLS_GLOBAL_HOOK__' is not defined                            no-undef
   49:36161   warning  Empty block statement                                                      no-empty
   49:37307   warning  '__REACT_DEVTOOLS_GLOBAL_HOOK__' is not defined                            no-undef
   49:37364   warning  '__REACT_DEVTOOLS_GLOBAL_HOOK__' is not defined                            no-undef
   57:1327    warning  'e' is defined but never used                                              no-unused-vars
   57:3717    warning  'tf' is a function                                                         no-func-assign
   57:5042    warning  Empty block statement                                                      no-empty
   57:5547    warning  Expected a conditional expression and instead saw an assignment            no-cond-assign
   57:7560    warning  Expected a 'break' statement before 'case'                                 no-fallthrough
   57:7796    warning  Expected a 'break' statement before 'case'                                 no-fallthrough
   57:7852    warning  Expected a 'break' statement before 'case'                                 no-fallthrough
   57:7981    warning  Expected a 'break' statement before 'default'                              no-fallthrough
   57:8303    warning  Expected a 'break' statement before 'default'                              no-fallthrough
   57:9089    warning  Expected a 'break' statement before 'case'                                 no-fallthrough
   57:9882    warning  Expected a 'break' statement before 'default'                              no-fallthrough
   57:9908    warning  Expected a conditional expression and instead saw an assignment            no-cond-assign
   57:11976   warning  Expected a 'break' statement before 'case'                                 no-fallthrough
   57:12186   warning  Expected a 'break' statement before 'case'                                 no-fallthrough
   64:3233    warning  Empty block statement                                                      no-empty
   64:4026    warning  Expected a 'break' statement before 'case'                                 no-fallthrough
   64:4063    warning  Expected a 'break' statement before 'case'                                 no-fallthrough
   72:7732    warning  'r' is defined but never used                                              no-unused-vars
   72:18830   warning  'l' is assigned a value but never used                                     no-unused-vars
   72:20877   warning  't' is defined but never used                                              no-unused-vars
   72:20879   warning  'e' is defined but never used                                              no-unused-vars
   72:23007   warning  'e' is defined but never used                                              no-unused-vars
   72:24074   warning  'i' is defined but never used                                              no-unused-vars
   72:24312   warning  'i' is defined but never used                                              no-unused-vars
   72:24641   warning  'i' is defined but never used                                              no-unused-vars
   72:24748   warning  'i' is defined but never used                                              no-unused-vars
   72:27011   warning  'f' is assigned a value but never used                                     no-unused-vars
   72:31682   warning  Do not access Object.prototype method 'hasOwnProperty' from target object  no-prototype-builtins
   72:31845   warning  Do not access Object.prototype method 'hasOwnProperty' from target object  no-prototype-builtins
   72:33270   warning  Do not access Object.prototype method 'hasOwnProperty' from target object  no-prototype-builtins
   72:37146   warning  'h' is assigned a value but never used                                     no-unused-vars
   79:797     warning  'i' is assigned a value but never used                                     no-unused-vars
   79:819     warning  'o' is assigned a value but never used                                     no-unused-vars
   79:873     warning  'd' is assigned a value but never used                                     no-unused-vars
   79:3373    warning  Empty block statement                                                      no-empty
   79:16753   warning  'e' is defined but never used                                              no-unused-vars
   79:17241   warning  'r' is assigned a value but never used                                     no-unused-vars
   79:17249   warning  'o' is assigned a value but never used                                     no-unused-vars
   79:18941   warning  'hg' is a function                                                         no-func-assign
   79:29818   warning  Empty block statement                                                      no-empty
  152:3221    warning  'v' is assigned a value but never used                                     no-unused-vars
  152:5421    warning  Do not access Object.prototype method 'hasOwnProperty' from target object  no-prototype-builtins
  179:14174   warning  Do not access Object.prototype method 'hasOwnProperty' from target object  no-prototype-builtins
  179:18326   warning  Do not access Object.prototype method 'hasOwnProperty' from target object  no-prototype-builtins
  179:18350   warning  Do not access Object.prototype method 'hasOwnProperty' from target object  no-prototype-builtins
  179:18544   warning  'z' is assigned to itself                                                  no-self-assign
  179:34105   warning  '_' is assigned a value but never used                                     no-unused-vars
  181:4648    warning  'd' is assigned a value but never used                                     no-unused-vars
  181:4765    warning  '_' is assigned a value but never used                                     no-unused-vars
  181:4846    warning  'O' is assigned a value but never used                                     no-unused-vars
  181:5005    warning  'ut' is assigned a value but never used                                    no-unused-vars
  181:5176    warning  'Ot' is defined but never used                                             no-unused-vars
  181:8861    warning  'W' is defined but never used                                              no-unused-vars
  181:25655   warning  Do not access Object.prototype method 'hasOwnProperty' from target object  no-prototype-builtins
  181:27890   warning  'c' is assigned a value but never used                                     no-unused-vars
  181:28185   warning  'z' is assigned a value but never used                                     no-unused-vars
  181:28205   warning  'B' is assigned a value but never used                                     no-unused-vars
  181:28226   warning  'P' is assigned a value but never used                                     no-unused-vars
  181:28267   warning  'w' is assigned a value but never used                                     no-unused-vars
  181:33798   warning  'd' is assigned a value but never used                                     no-unused-vars
  181:37353   warning  'f' is assigned a value but never used                                     no-unused-vars
  181:37361   warning  'd' is assigned a value but never used                                     no-unused-vars
  181:37370   warning  'h' is assigned a value but never used                                     no-unused-vars
  181:37380   warning  'm' is assigned a value but never used                                     no-unused-vars
  181:37389   warning  'y' is assigned a value but never used                                     no-unused-vars
  181:37400   warning  'b' is assigned a value but never used                                     no-unused-vars
  181:37410   warning  'v' is assigned a value but never used                                     no-unused-vars
  181:39154   warning  'c' is assigned a value but never used                                     no-unused-vars
  181:39185   warning  'd' is assigned a value but never used                                     no-unused-vars
  181:39193   warning  'h' is assigned a value but never used                                     no-unused-vars
  181:39202   warning  'm' is assigned a value but never used                                     no-unused-vars
  181:39212   warning  'y' is assigned a value but never used                                     no-unused-vars
  181:39223   warning  'b' is assigned a value but never used                                     no-unused-vars
  181:41316   warning  'j' is defined but never used                                              no-unused-vars
  181:46253   warning  'l' is assigned a value but never used                                     no-unused-vars
  181:46272   warning  'f' is assigned a value but never used                                     no-unused-vars
  181:60161   warning  'e' is assigned a value but never used                                     no-unused-vars
  181:60171   warning  'i' is assigned a value but never used                                     no-unused-vars
  181:65819   warning  'W' is assigned a value but never used                                     no-unused-vars
  181:70554   warning  'j' is assigned a value but never used                                     no-unused-vars
  181:87501   warning  'O' is assigned a value but never used                                     no-unused-vars
  181:87512   warning  'z' is assigned a value but never used                                     no-unused-vars
  181:87532   warning  'B' is assigned a value but never used                                     no-unused-vars
  181:87641   warning  'W' is assigned a value but never used                                     no-unused-vars
  181:87666   warning  'V' is assigned a value but never used                                     no-unused-vars
  181:95634   warning  'c' is assigned a value but never used                                     no-unused-vars
  181:108839  warning  'h' is defined but never used                                              no-unused-vars
  181:108856  warning  'm' is defined but never used                                              no-unused-vars
  181:108869  warning  'y' is defined but never used                                              no-unused-vars
  181:123702  warning  't' is defined but never used                                              no-unused-vars
  191:649     warning  'r' is defined but never used                                              no-unused-vars
  191:13310   warning  Expected a 'break' statement before 'case'                                 no-fallthrough
  191:13517   warning  Expected a 'break' statement before 'case'                                 no-fallthrough
  191:17008   warning  'e' is defined but never used                                              no-unused-vars
  191:17010   warning  'i' is defined but never used                                              no-unused-vars
  191:17012   warning  'r' is defined but never used                                              no-unused-vars
  191:23533   warning  Empty block statement                                                      no-empty
  191:23866   warning  't' is defined but never used                                              no-unused-vars
  191:23930   warning  'e' is defined but never used                                              no-unused-vars
  196:12204   warning  'e' is defined but never used                                              no-unused-vars
  196:15688   warning  'e' is defined but never used                                              no-unused-vars
  196:15690   warning  'i' is defined but never used                                              no-unused-vars
  196:15692   warning  'r' is defined but never used                                              no-unused-vars
  196:15694   warning  'o' is defined but never used                                              no-unused-vars
  196:31730   warning  'e' is defined but never used                                              no-unused-vars
  196:31732   warning  'i' is defined but never used                                              no-unused-vars
  196:31751   warning  'e' is defined but never used                                              no-unused-vars
  196:31780   warning  'e' is defined but never used                                              no-unused-vars
  196:31782   warning  'i' is defined but never used                                              no-unused-vars
  196:31784   warning  'r' is defined but never used                                              no-unused-vars
  196:31808   warning  'e' is defined but never used                                              no-unused-vars
  196:31810   warning  'i' is defined but never used                                              no-unused-vars
  196:31812   warning  'r' is defined but never used                                              no-unused-vars
  196:31977   warning  'e' is defined but never used                                              no-unused-vars
  196:32002   warning  'e' is defined but never used                                              no-unused-vars
  196:34651   warning  'i.width' is assigned to itself                                            no-self-assign
  196:39458   warning  'i' is defined but never used                                              no-unused-vars
  196:46955   warning  'e' is defined but never used                                              no-unused-vars
  196:46957   warning  'i' is defined but never used                                              no-unused-vars
  196:46988   warning  'e' is defined but never used                                              no-unused-vars
  198:17598   warning  'i' is defined but never used                                              no-unused-vars
  198:22000   warning  'i' is defined but never used                                              no-unused-vars
  198:26642   warning  'g6' is defined but never used                                             no-unused-vars
  198:50419   warning  'e' is defined but never used                                              no-unused-vars
  198:59098   warning  'r' is assigned a value but never used                                     no-unused-vars
  198:59121   warning  'o' is assigned a value but never used                                     no-unused-vars
  198:59145   warning  'l' is assigned a value but never used                                     no-unused-vars
  198:64922   warning  'm6' is assigned a value but never used                                    no-unused-vars
  198:64930   warning  'y6' is assigned a value but never used                                    no-unused-vars
  198:64942   warning  'b6' is assigned a value but never used                                    no-unused-vars
  198:64955   warning  'v6' is assigned a value but never used                                    no-unused-vars

/home/runner/work/exp-factorization-using-shors-algorithm-amrt/exp-factorization-using-shors-algorithm-amrt/experiment/simulation/js/index-b78IKNIk.js
   17:4182    warning  'process' is not defined                                                   no-undef
   17:4208    warning  'process' is not defined                                                   no-undef
   25:1009    warning  'setImmediate' is not defined                                              no-undef
   25:1847    warning  Unreachable code                                                           no-unreachable
   33:3442    warning  '__REACT_DEVTOOLS_GLOBAL_HOOK__' is not defined                            no-undef
   33:3499    warning  '__REACT_DEVTOOLS_GLOBAL_HOOK__' is not defined                            no-undef
   41:3254    warning  Empty block statement                                                      no-empty
   46:206     warning  Expected a conditional expression and instead saw an assignment            no-cond-assign
   48:548     warning  Empty block statement                                                      no-empty
   48:4251    warning  Expected a conditional expression and instead saw an assignment            no-cond-assign
   48:4351    warning  Expected a conditional expression and instead saw an assignment            no-cond-assign
   48:4434    warning  Expected a conditional expression and instead saw an assignment            no-cond-assign
   48:4891    warning  Unexpected combined character in character class                           no-misleading-character-class
   48:6406    warning  Do not access Object.prototype method 'hasOwnProperty' from target object  no-prototype-builtins
   48:8634    warning  Do not access Object.prototype method 'hasOwnProperty' from target object  no-prototype-builtins
   48:10751   warning  Do not access Object.prototype method 'hasOwnProperty' from target object  no-prototype-builtins
   48:10781   warning  Do not access Object.prototype method 'hasOwnProperty' from target object  no-prototype-builtins
   48:10900   warning  Do not access Object.prototype method 'hasOwnProperty' from target object  no-prototype-builtins
   48:10961   warning  Do not access Object.prototype method 'hasOwnProperty' from target object  no-prototype-builtins
   48:13924   warning  Unexpected control character(s) in regular expression: \x00, \x1f          no-control-regex
   48:15967   warning  Expected to return a value in method 'get'                                 getter-return
   48:16657   warning  Do not access Object.prototype method 'hasOwnProperty' from target object  no-prototype-builtins
   48:16999   warning  Invalid typeof comparison value                                            valid-typeof
   48:17173   warning  Invalid typeof comparison value                                            valid-typeof
   48:19038   warning  Expected a conditional expression and instead saw an assignment            no-cond-assign
   48:25357   warning  Do not access Object.prototype method 'hasOwnProperty' from target object  no-prototype-builtins
   48:26667   warning  'process' is not defined                                                   no-undef
   48:26693   warning  'process' is not defined                                                   no-undef
   48:43833   warning  Empty block statement                                                      no-empty
   48:45944   warning  Expected a 'break' statement before 'case'                                 no-fallthrough
   48:46417   warning  Unexpected constant condition                                              no-constant-condition
   48:59494   warning  Empty block statement                                                      no-empty
   48:59503   warning  Empty block statement                                                      no-empty
   48:65057   warning  Expected a conditional expression and instead saw an assignment            no-cond-assign
   48:69963   warning  Expected a conditional expression and instead saw an assignment            no-cond-assign
   48:72871   warning  Expected a conditional expression and instead saw an assignment            no-cond-assign
   48:73985   warning  Expected a conditional expression and instead saw an assignment            no-cond-assign
   48:75667   warning  Expected a conditional expression and instead saw an assignment            no-cond-assign
   48:82302   warning  Expected a conditional expression and instead saw an assignment            no-cond-assign
   48:87290   warning  Unnecessary escape character: \/                                           no-useless-escape
   48:98084   warning  Expected a 'break' statement before 'case'                                 no-fallthrough
   48:99037   warning  Empty block statement                                                      no-empty
   48:99316   warning  Expected a 'break' statement before 'case'                                 no-fallthrough
   48:102512  warning  Expected a conditional expression and instead saw an assignment            no-cond-assign
   48:104895  warning  Do not access Object.prototype method 'hasOwnProperty' from target object  no-prototype-builtins
   48:106718  warning  Expected a 'break' statement before 'case'                                 no-fallthrough
   48:107391  warning  Expected a 'break' statement before 'case'                                 no-fallthrough
   48:113184  warning  Expected a 'break' statement before 'case'                                 no-fallthrough
   48:113518  warning  Unexpected constant condition                                              no-constant-condition
   48:116154  warning  Unexpected constant condition                                              no-constant-condition
   48:116779  warning  Expected a 'break' statement before 'case'                                 no-fallthrough
   48:117100  warning  Unexpected constant condition                                              no-constant-condition
   48:117500  warning  Expected a 'break' statement before 'default'                              no-fallthrough
   48:120004  warning  Expected a conditional expression and instead saw an assignment            no-cond-assign
   48:120824  warning  Empty block statement                                                      no-empty
   48:121574  warning  Empty block statement                                                      no-empty
   48:123051  warning  'o' is defined but never used                                              no-unused-vars
   48:125443  warning  Expected a conditional expression and instead saw an assignment            no-cond-assign
   48:129212  warning  Expected a 'break' statement before 'case'                                 no-fallthrough
   48:129401  warning  Expected a 'break' statement before 'case'                                 no-fallthrough
   48:130641  warning  Expected a conditional expression and instead saw an assignment            no-cond-assign
   48:132219  warning  Expected a 'break' statement before 'case'                                 no-fallthrough
   48:133776  warning  Unexpected control character(s) in regular expression: \x00                no-control-regex
   49:476     warning  Expected a 'break' statement before 'case'                                 no-fallthrough
   49:5078    warning  Do not access Object.prototype method 'hasOwnProperty' from target object  no-prototype-builtins
   49:5650    warning  Do not access Object.prototype method 'hasOwnProperty' from target object  no-prototype-builtins
   49:5989    warning  Do not access Object.prototype method 'hasOwnProperty' from target object  no-prototype-builtins
   49:6394    warning  Do not access Object.prototype method 'hasOwnProperty' from target object  no-prototype-builtins
   49:6510    warning  Expected a 'break' statement before 'default'                              no-fallthrough
   49:6672    warning  Do not access Object.prototype method 'hasOwnProperty' from target object  no-prototype-builtins
   49:6935    warning  Do not access Object.prototype method 'hasOwnProperty' from target object  no-prototype-builtins
   49:7429    warning  Expected a 'break' statement before 'case'                                 no-fallthrough
   49:7568    warning  Do not access Object.prototype method 'hasOwnProperty' from target object  no-prototype-builtins
   49:7747    warning  Do not access Object.prototype method 'hasOwnProperty' from target object  no-prototype-builtins
   49:7832    warning  Do not access Object.prototype method 'hasOwnProperty' from target object  no-prototype-builtins
   49:8095    warning  Do not access Object.prototype method 'hasOwnProperty' from target object  no-prototype-builtins
   49:8195    warning  Expected a 'break' statement before 'default'                              no-fallthrough
   49:8205    warning  Do not access Object.prototype method 'hasOwnProperty' from target object  no-prototype-builtins
   49:8285    warning  Do not access Object.prototype method 'hasOwnProperty' from target object  no-prototype-builtins
   49:8678    warning  Do not access Object.prototype method 'hasOwnProperty' from target object  no-prototype-builtins
   49:8752    warning  Expected a 'break' statement before 'default'                              no-fallthrough
   49:8762    warning  Do not access Object.prototype method 'hasOwnProperty' from target object  no-prototype-builtins
   49:8830    warning  Do not access Object.prototype method 'hasOwnProperty' from target object  no-prototype-builtins
   49:8948    warning  Expected a 'break' statement before 'default'                              no-fallthrough
   49:9124    warning  Do not access Object.prototype method 'hasOwnProperty' from target object  no-prototype-builtins
   49:9155    warning  Do not access Object.prototype method 'hasOwnProperty' from target object  no-prototype-builtins
   49:9279    warning  Do not access Object.prototype method 'hasOwnProperty' from target object  no-prototype-builtins
   49:9555    warning  Do not access Object.prototype method 'hasOwnProperty' from target object  no-prototype-builtins
   49:9587    warning  Do not access Object.prototype method 'hasOwnProperty' from target object  no-prototype-builtins
   49:9710    warning  Do not access Object.prototype method 'hasOwnProperty' from target object  no-prototype-builtins
   49:10067   warning  Do not access Object.prototype method 'hasOwnProperty' from target object  no-prototype-builtins
   49:10099   warning  Do not access Object.prototype method 'hasOwnProperty' from target object  no-prototype-builtins
   49:10169   warning  Do not access Object.prototype method 'hasOwnProperty' from target object  no-prototype-builtins
   49:10383   warning  Do not access Object.prototype method 'hasOwnProperty' from target object  no-prototype-builtins
   49:10418   warning  Do not access Object.prototype method 'hasOwnProperty' from target object  no-prototype-builtins
   49:10491   warning  Do not access Object.prototype method 'hasOwnProperty' from target object  no-prototype-builtins
   49:10591   warning  Do not access Object.prototype method 'hasOwnProperty' from target object  no-prototype-builtins
   49:10622   warning  Do not access Object.prototype method 'hasOwnProperty' from target object  no-prototype-builtins
   49:10691   warning  Do not access Object.prototype method 'hasOwnProperty' from target object  no-prototype-builtins
   49:18744   warning  Expected a conditional expression and instead saw an assignment            no-cond-assign
   49:19817   warning  Expected a conditional expression and instead saw an assignment            no-cond-assign
   49:22350   warning  Expected a conditional expression and instead saw an assignment            no-cond-assign
   49:34431   warning  'navigation' is not defined                                                no-undef
   49:34460   warning  'navigation' is not defined                                                no-undef
   49:34500   warning  'navigation' is not defined                                                no-undef
   49:34646   warning  'navigation' is not defined                                                no-undef
   49:34688   warning  'navigation' is not defined                                                no-undef
   49:34737   warning  'navigation' is not defined                                                no-undef
   49:34818   warning  'navigation' is not defined                                                no-undef
   49:34863   warning  'navigation' is not defined                                                no-undef
   49:34915   warning  'navigation' is not defined                                                no-undef
   49:36062   warning  '__REACT_DEVTOOLS_GLOBAL_HOOK__' is not defined                            no-undef
   49:36161   warning  Empty block statement                                                      no-empty
   49:37307   warning  '__REACT_DEVTOOLS_GLOBAL_HOOK__' is not defined                            no-undef
   49:37364   warning  '__REACT_DEVTOOLS_GLOBAL_HOOK__' is not defined                            no-undef
   57:1327    warning  'e' is defined but never used                                              no-unused-vars
   57:3717    warning  'sf' is a function                                                         no-func-assign
   57:5042    warning  Empty block statement                                                      no-empty
   57:5547    warning  Expected a conditional expression and instead saw an assignment            no-cond-assign
   57:7560    warning  Expected a 'break' statement before 'case'                                 no-fallthrough
   57:7796    warning  Expected a 'break' statement before 'case'                                 no-fallthrough
   57:7852    warning  Expected a 'break' statement before 'case'                                 no-fallthrough
   57:7981    warning  Expected a 'break' statement before 'default'                              no-fallthrough
   57:8303    warning  Expected a 'break' statement before 'default'                              no-fallthrough
   57:9089    warning  Expected a 'break' statement before 'case'                                 no-fallthrough
   57:9882    warning  Expected a 'break' statement before 'default'                              no-fallthrough
   57:9908    warning  Expected a conditional expression and instead saw an assignment            no-cond-assign
   57:11976   warning  Expected a 'break' statement before 'case'                                 no-fallthrough
   57:12186   warning  Expected a 'break' statement before 'case'                                 no-fallthrough
   64:3233    warning  Empty block statement                                                      no-empty
   64:4026    warning  Expected a 'break' statement before 'case'                                 no-fallthrough
   64:4063    warning  Expected a 'break' statement before 'case'                                 no-fallthrough
   72:7732    warning  'r' is defined but never used                                              no-unused-vars
   72:18830   warning  'l' is assigned a value but never used                                     no-unused-vars
   72:20877   warning  't' is defined but never used                                              no-unused-vars
   72:20879   warning  'e' is defined but never used                                              no-unused-vars
   72:23007   warning  'e' is defined but never used                                              no-unused-vars
   72:24074   warning  'i' is defined but never used                                              no-unused-vars
   72:24312   warning  'i' is defined but never used                                              no-unused-vars
   72:24641   warning  'i' is defined but never used                                              no-unused-vars
   72:24748   warning  'i' is defined but never used                                              no-unused-vars
   72:27011   warning  'f' is assigned a value but never used                                     no-unused-vars
   72:31682   warning  Do not access Object.prototype method 'hasOwnProperty' from target object  no-prototype-builtins
   72:31845   warning  Do not access Object.prototype method 'hasOwnProperty' from target object  no-prototype-builtins
   72:33270   warning  Do not access Object.prototype method 'hasOwnProperty' from target object  no-prototype-builtins
   72:37146   warning  'h' is assigned a value but never used                                     no-unused-vars
   79:797     warning  'i' is assigned a value but never used                                     no-unused-vars
   79:819     warning  'a' is assigned a value but never used                                     no-unused-vars
   79:873     warning  'd' is assigned a value but never used                                     no-unused-vars
   79:3373    warning  Empty block statement                                                      no-empty
   79:16753   warning  'e' is defined but never used                                              no-unused-vars
   79:17241   warning  'r' is assigned a value but never used                                     no-unused-vars
   79:17249   warning  'a' is assigned a value but never used                                     no-unused-vars
   79:18941   warning  'mg' is a function                                                         no-func-assign
   79:29818   warning  Empty block statement                                                      no-empty
  152:3221    warning  'v' is assigned a value but never used                                     no-unused-vars
  152:5421    warning  Do not access Object.prototype method 'hasOwnProperty' from target object  no-prototype-builtins
  179:14174   warning  Do not access Object.prototype method 'hasOwnProperty' from target object  no-prototype-builtins
  179:18326   warning  Do not access Object.prototype method 'hasOwnProperty' from target object  no-prototype-builtins
  179:18350   warning  Do not access Object.prototype method 'hasOwnProperty' from target object  no-prototype-builtins
  179:18544   warning  'z' is assigned to itself                                                  no-self-assign
  179:34105   warning  'S' is assigned a value but never used                                     no-unused-vars
  181:4648    warning  'd' is assigned a value but never used                                     no-unused-vars
  181:4765    warning  'S' is assigned a value but never used                                     no-unused-vars
  181:4846    warning  'A' is assigned a value but never used                                     no-unused-vars
  181:5005    warning  'ut' is assigned a value but never used                                    no-unused-vars
  181:5176    warning  'At' is defined but never used                                             no-unused-vars
  181:8861    warning  'I' is defined but never used                                              no-unused-vars
  181:25655   warning  Do not access Object.prototype method 'hasOwnProperty' from target object  no-prototype-builtins
  181:27890   warning  'c' is assigned a value but never used                                     no-unused-vars
  181:28185   warning  'z' is assigned a value but never used                                     no-unused-vars
  181:28205   warning  'B' is assigned a value but never used                                     no-unused-vars
  181:28226   warning  'P' is assigned a value but never used                                     no-unused-vars
  181:28267   warning  'T' is assigned a value but never used                                     no-unused-vars
  181:37603   warning  'd' is assigned a value but never used                                     no-unused-vars
  181:41158   warning  'f' is assigned a value but never used                                     no-unused-vars
  181:41166   warning  'd' is assigned a value but never used                                     no-unused-vars
  181:41175   warning  'h' is assigned a value but never used                                     no-unused-vars
  181:41185   warning  'm' is assigned a value but never used                                     no-unused-vars
  181:41194   warning  'y' is assigned a value but never used                                     no-unused-vars
  181:41205   warning  'b' is assigned a value but never used                                     no-unused-vars
  181:41215   warning  'v' is assigned a value but never used                                     no-unused-vars
  181:42959   warning  'c' is assigned a value but never used                                     no-unused-vars
  181:42990   warning  'd' is assigned a value but never used                                     no-unused-vars
  181:42998   warning  'h' is assigned a value but never used                                     no-unused-vars
  181:43007   warning  'm' is assigned a value but never used                                     no-unused-vars
  181:43017   warning  'y' is assigned a value but never used                                     no-unused-vars
  181:43028   warning  'b' is assigned a value but never used                                     no-unused-vars
  181:45121   warning  'D' is defined but never used                                              no-unused-vars
  181:50058   warning  'l' is assigned a value but never used                                     no-unused-vars
  181:50077   warning  'f' is assigned a value but never used                                     no-unused-vars
  181:63966   warning  'e' is assigned a value but never used                                     no-unused-vars
  181:63976   warning  'i' is assigned a value but never used                                     no-unused-vars
  181:69624   warning  'I' is assigned a value but never used                                     no-unused-vars
  181:74359   warning  'D' is assigned a value but never used                                     no-unused-vars
  181:91306   warning  'A' is assigned a value but never used                                     no-unused-vars
  181:91317   warning  'z' is assigned a value but never used                                     no-unused-vars
  181:91337   warning  'B' is assigned a value but never used                                     no-unused-vars
  181:91446   warning  'I' is assigned a value but never used                                     no-unused-vars
  181:91471   warning  'Y' is assigned a value but never used                                     no-unused-vars
  181:95694   warning  'I' is defined but never used                                              no-unused-vars
  181:100654  warning  'c' is assigned a value but never used                                     no-unused-vars
  181:129160  warning  't' is defined but never used                                              no-unused-vars
  191:649     warning  'r' is defined but never used                                              no-unused-vars
  191:13310   warning  Expected a 'break' statement before 'case'                                 no-fallthrough
  191:13517   warning  Expected a 'break' statement before 'case'                                 no-fallthrough
  191:17008   warning  'e' is defined but never used                                              no-unused-vars
  191:17010   warning  'i' is defined but never used                                              no-unused-vars
  191:17012   warning  'r' is defined but never used                                              no-unused-vars
  191:23533   warning  Empty block statement                                                      no-empty
  191:23866   warning  't' is defined but never used                                              no-unused-vars
  191:23930   warning  'e' is defined but never used                                              no-unused-vars
  196:12204   warning  'e' is defined but never used                                              no-unused-vars
  196:15688   warning  'e' is defined but never used                                              no-unused-vars
  196:15690   warning  'i' is defined but never used                                              no-unused-vars
  196:15692   warning  'r' is defined but never used                                              no-unused-vars
  196:15694   warning  'a' is defined but never used                                              no-unused-vars
  196:31730   warning  'e' is defined but never used                                              no-unused-vars
  196:31732   warning  'i' is defined but never used                                              no-unused-vars
  196:31751   warning  'e' is defined but never used                                              no-unused-vars
  196:31780   warning  'e' is defined but never used                                              no-unused-vars
  196:31782   warning  'i' is defined but never used                                              no-unused-vars
  196:31784   warning  'r' is defined but never used                                              no-unused-vars
  196:31808   warning  'e' is defined but never used                                              no-unused-vars
  196:31810   warning  'i' is defined but never used                                              no-unused-vars
  196:31812   warning  'r' is defined but never used                                              no-unused-vars
  196:31977   warning  'e' is defined but never used                                              no-unused-vars
  196:32002   warning  'e' is defined but never used                                              no-unused-vars
  196:34651   warning  'i.width' is assigned to itself                                            no-self-assign
  196:39458   warning  'i' is defined but never used                                              no-unused-vars
  196:46955   warning  'e' is defined but never used                                              no-unused-vars
  196:46957   warning  'i' is defined but never used                                              no-unused-vars
  196:46988   warning  'e' is defined but never used                                              no-unused-vars
  198:17598   warning  'i' is defined but never used                                              no-unused-vars
  198:22000   warning  'i' is defined but never used                                              no-unused-vars
  198:26642   warning  'kB' is defined but never used                                             no-unused-vars
  198:30501   warning  'c' is defined but never used                                              no-unused-vars
  198:56783   warning  'e' is defined but never used                                              no-unused-vars
  198:65462   warning  'r' is assigned a value but never used                                     no-unused-vars
  198:65485   warning  'a' is assigned a value but never used                                     no-unused-vars
  198:65509   warning  'l' is assigned a value but never used                                     no-unused-vars
  198:71286   warning  'zB' is assigned a value but never used                                    no-unused-vars
  198:71294   warning  'DB' is assigned a value but never used                                    no-unused-vars
  198:71306   warning  'jB' is assigned a value but never used                                    no-unused-vars
  198:71319   warning  'BB' is assigned a value but never used                                    no-unused-vars

/home/runner/work/exp-factorization-using-shors-algorithm-amrt/exp-factorization-using-shors-algorithm-amrt/experiment/simulation/js/index-cg9n3hSR.js
   17:4182    warning  'process' is not defined                                                   no-undef
   17:4208    warning  'process' is not defined                                                   no-undef
   25:1009    warning  'setImmediate' is not defined                                              no-undef
   25:1847    warning  Unreachable code                                                           no-unreachable
   33:3442    warning  '__REACT_DEVTOOLS_GLOBAL_HOOK__' is not defined                            no-undef
   33:3499    warning  '__REACT_DEVTOOLS_GLOBAL_HOOK__' is not defined                            no-undef
   41:3254    warning  Empty block statement                                                      no-empty
   46:206     warning  Expected a conditional expression and instead saw an assignment            no-cond-assign
   48:548     warning  Empty block statement                                                      no-empty
   48:4251    warning  Expected a conditional expression and instead saw an assignment            no-cond-assign
   48:4351    warning  Expected a conditional expression and instead saw an assignment            no-cond-assign
   48:4434    warning  Expected a conditional expression and instead saw an assignment            no-cond-assign
   48:4891    warning  Unexpected combined character in character class                           no-misleading-character-class
   48:6406    warning  Do not access Object.prototype method 'hasOwnProperty' from target object  no-prototype-builtins
   48:8634    warning  Do not access Object.prototype method 'hasOwnProperty' from target object  no-prototype-builtins
   48:10751   warning  Do not access Object.prototype method 'hasOwnProperty' from target object  no-prototype-builtins
   48:10781   warning  Do not access Object.prototype method 'hasOwnProperty' from target object  no-prototype-builtins
   48:10900   warning  Do not access Object.prototype method 'hasOwnProperty' from target object  no-prototype-builtins
   48:10961   warning  Do not access Object.prototype method 'hasOwnProperty' from target object  no-prototype-builtins
   48:13924   warning  Unexpected control character(s) in regular expression: \x00, \x1f          no-control-regex
   48:15967   warning  Expected to return a value in method 'get'                                 getter-return
   48:16657   warning  Do not access Object.prototype method 'hasOwnProperty' from target object  no-prototype-builtins
   48:16999   warning  Invalid typeof comparison value                                            valid-typeof
   48:17173   warning  Invalid typeof comparison value                                            valid-typeof
   48:19038   warning  Expected a conditional expression and instead saw an assignment            no-cond-assign
   48:25357   warning  Do not access Object.prototype method 'hasOwnProperty' from target object  no-prototype-builtins
   48:26667   warning  'process' is not defined                                                   no-undef
   48:26693   warning  'process' is not defined                                                   no-undef
   48:43833   warning  Empty block statement                                                      no-empty
   48:45944   warning  Expected a 'break' statement before 'case'                                 no-fallthrough
   48:46417   warning  Unexpected constant condition                                              no-constant-condition
   48:59494   warning  Empty block statement                                                      no-empty
   48:59503   warning  Empty block statement                                                      no-empty
   48:65057   warning  Expected a conditional expression and instead saw an assignment            no-cond-assign
   48:69963   warning  Expected a conditional expression and instead saw an assignment            no-cond-assign
   48:72871   warning  Expected a conditional expression and instead saw an assignment            no-cond-assign
   48:73985   warning  Expected a conditional expression and instead saw an assignment            no-cond-assign
   48:75667   warning  Expected a conditional expression and instead saw an assignment            no-cond-assign
   48:82302   warning  Expected a conditional expression and instead saw an assignment            no-cond-assign
   48:87290   warning  Unnecessary escape character: \/                                           no-useless-escape
   48:98084   warning  Expected a 'break' statement before 'case'                                 no-fallthrough
   48:99037   warning  Empty block statement                                                      no-empty
   48:99316   warning  Expected a 'break' statement before 'case'                                 no-fallthrough
   48:102512  warning  Expected a conditional expression and instead saw an assignment            no-cond-assign
   48:104895  warning  Do not access Object.prototype method 'hasOwnProperty' from target object  no-prototype-builtins
   48:106718  warning  Expected a 'break' statement before 'case'                                 no-fallthrough
   48:107391  warning  Expected a 'break' statement before 'case'                                 no-fallthrough
   48:113184  warning  Expected a 'break' statement before 'case'                                 no-fallthrough
   48:113518  warning  Unexpected constant condition                                              no-constant-condition
   48:116154  warning  Unexpected constant condition                                              no-constant-condition
   48:116779  warning  Expected a 'break' statement before 'case'                                 no-fallthrough
   48:117100  warning  Unexpected constant condition                                              no-constant-condition
   48:117500  warning  Expected a 'break' statement before 'default'                              no-fallthrough
   48:120004  warning  Expected a conditional expression and instead saw an assignment            no-cond-assign
   48:120824  warning  Empty block statement                                                      no-empty
   48:121574  warning  Empty block statement                                                      no-empty
   48:123051  warning  'o' is defined but never used                                              no-unused-vars
   48:125443  warning  Expected a conditional expression and instead saw an assignment            no-cond-assign
   48:129212  warning  Expected a 'break' statement before 'case'                                 no-fallthrough
   48:129401  warning  Expected a 'break' statement before 'case'                                 no-fallthrough
   48:130641  warning  Expected a conditional expression and instead saw an assignment            no-cond-assign
   48:132219  warning  Expected a 'break' statement before 'case'                                 no-fallthrough
   48:133776  warning  Unexpected control character(s) in regular expression: \x00                no-control-regex
   49:476     warning  Expected a 'break' statement before 'case'                                 no-fallthrough
   49:5078    warning  Do not access Object.prototype method 'hasOwnProperty' from target object  no-prototype-builtins
   49:5650    warning  Do not access Object.prototype method 'hasOwnProperty' from target object  no-prototype-builtins
   49:5989    warning  Do not access Object.prototype method 'hasOwnProperty' from target object  no-prototype-builtins
   49:6394    warning  Do not access Object.prototype method 'hasOwnProperty' from target object  no-prototype-builtins
   49:6510    warning  Expected a 'break' statement before 'default'                              no-fallthrough
   49:6672    warning  Do not access Object.prototype method 'hasOwnProperty' from target object  no-prototype-builtins
   49:6935    warning  Do not access Object.prototype method 'hasOwnProperty' from target object  no-prototype-builtins
   49:7429    warning  Expected a 'break' statement before 'case'                                 no-fallthrough
   49:7568    warning  Do not access Object.prototype method 'hasOwnProperty' from target object  no-prototype-builtins
   49:7747    warning  Do not access Object.prototype method 'hasOwnProperty' from target object  no-prototype-builtins
   49:7832    warning  Do not access Object.prototype method 'hasOwnProperty' from target object  no-prototype-builtins
   49:8095    warning  Do not access Object.prototype method 'hasOwnProperty' from target object  no-prototype-builtins
   49:8195    warning  Expected a 'break' statement before 'default'                              no-fallthrough
   49:8205    warning  Do not access Object.prototype method 'hasOwnProperty' from target object  no-prototype-builtins
   49:8285    warning  Do not access Object.prototype method 'hasOwnProperty' from target object  no-prototype-builtins
   49:8678    warning  Do not access Object.prototype method 'hasOwnProperty' from target object  no-prototype-builtins
   49:8752    warning  Expected a 'break' statement before 'default'                              no-fallthrough
   49:8762    warning  Do not access Object.prototype method 'hasOwnProperty' from target object  no-prototype-builtins
   49:8830    warning  Do not access Object.prototype method 'hasOwnProperty' from target object  no-prototype-builtins
   49:8948    warning  Expected a 'break' statement before 'default'                              no-fallthrough
   49:9124    warning  Do not access Object.prototype method 'hasOwnProperty' from target object  no-prototype-builtins
   49:9155    warning  Do not access Object.prototype method 'hasOwnProperty' from target object  no-prototype-builtins
   49:9279    warning  Do not access Object.prototype method 'hasOwnProperty' from target object  no-prototype-builtins
   49:9555    warning  Do not access Object.prototype method 'hasOwnProperty' from target object  no-prototype-builtins
   49:9587    warning  Do not access Object.prototype method 'hasOwnProperty' from target object  no-prototype-builtins
   49:9710    warning  Do not access Object.prototype method 'hasOwnProperty' from target object  no-prototype-builtins
   49:10067   warning  Do not access Object.prototype method 'hasOwnProperty' from target object  no-prototype-builtins
   49:10099   warning  Do not access Object.prototype method 'hasOwnProperty' from target object  no-prototype-builtins
   49:10169   warning  Do not access Object.prototype method 'hasOwnProperty' from target object  no-prototype-builtins
   49:10383   warning  Do not access Object.prototype method 'hasOwnProperty' from target object  no-prototype-builtins
   49:10418   warning  Do not access Object.prototype method 'hasOwnProperty' from target object  no-prototype-builtins
   49:10491   warning  Do not access Object.prototype method 'hasOwnProperty' from target object  no-prototype-builtins
   49:10591   warning  Do not access Object.prototype method 'hasOwnProperty' from target object  no-prototype-builtins
   49:10622   warning  Do not access Object.prototype method 'hasOwnProperty' from target object  no-prototype-builtins
   49:10691   warning  Do not access Object.prototype method 'hasOwnProperty' from target object  no-prototype-builtins
   49:18744   warning  Expected a conditional expression and instead saw an assignment            no-cond-assign
   49:19817   warning  Expected a conditional expression and instead saw an assignment            no-cond-assign
   49:22350   warning  Expected a conditional expression and instead saw an assignment            no-cond-assign
   49:34431   warning  'navigation' is not defined                                                no-undef
   49:34460   warning  'navigation' is not defined                                                no-undef
   49:34500   warning  'navigation' is not defined                                                no-undef
   49:34646   warning  'navigation' is not defined                                                no-undef
   49:34688   warning  'navigation' is not defined                                                no-undef
   49:34737   warning  'navigation' is not defined                                                no-undef
   49:34818   warning  'navigation' is not defined                                                no-undef
   49:34863   warning  'navigation' is not defined                                                no-undef
   49:34915   warning  'navigation' is not defined                                                no-undef
   49:36062   warning  '__REACT_DEVTOOLS_GLOBAL_HOOK__' is not defined                            no-undef
   49:36161   warning  Empty block statement                                                      no-empty
   49:37307   warning  '__REACT_DEVTOOLS_GLOBAL_HOOK__' is not defined                            no-undef
   49:37364   warning  '__REACT_DEVTOOLS_GLOBAL_HOOK__' is not defined                            no-undef
   57:1327    warning  'e' is defined but never used                                              no-unused-vars
   57:3717    warning  'af' is a function                                                         no-func-assign
   57:5042    warning  Empty block statement                                                      no-empty
   57:5547    warning  Expected a conditional expression and instead saw an assignment            no-cond-assign
   57:7560    warning  Expected a 'break' statement before 'case'                                 no-fallthrough
   57:7796    warning  Expected a 'break' statement before 'case'                                 no-fallthrough
   57:7852    warning  Expected a 'break' statement before 'case'                                 no-fallthrough
   57:7981    warning  Expected a 'break' statement before 'default'                              no-fallthrough
   57:8303    warning  Expected a 'break' statement before 'default'                              no-fallthrough
   57:9089    warning  Expected a 'break' statement before 'case'                                 no-fallthrough
   57:9882    warning  Expected a 'break' statement before 'default'                              no-fallthrough
   57:9908    warning  Expected a conditional expression and instead saw an assignment            no-cond-assign
   57:11976   warning  Expected a 'break' statement before 'case'                                 no-fallthrough
   57:12186   warning  Expected a 'break' statement before 'case'                                 no-fallthrough
   64:3233    warning  Empty block statement                                                      no-empty
   64:4026    warning  Expected a 'break' statement before 'case'                                 no-fallthrough
   64:4063    warning  Expected a 'break' statement before 'case'                                 no-fallthrough
   72:7732    warning  'r' is defined but never used                                              no-unused-vars
   72:18830   warning  'l' is assigned a value but never used                                     no-unused-vars
   72:20877   warning  't' is defined but never used                                              no-unused-vars
   72:20879   warning  'e' is defined but never used                                              no-unused-vars
   72:23007   warning  'e' is defined but never used                                              no-unused-vars
   72:24074   warning  'i' is defined but never used                                              no-unused-vars
   72:24312   warning  'i' is defined but never used                                              no-unused-vars
   72:24641   warning  'i' is defined but never used                                              no-unused-vars
   72:24748   warning  'i' is defined but never used                                              no-unused-vars
   72:27011   warning  'f' is assigned a value but never used                                     no-unused-vars
   72:31682   warning  Do not access Object.prototype method 'hasOwnProperty' from target object  no-prototype-builtins
   72:31845   warning  Do not access Object.prototype method 'hasOwnProperty' from target object  no-prototype-builtins
   72:33270   warning  Do not access Object.prototype method 'hasOwnProperty' from target object  no-prototype-builtins
   72:37146   warning  'p' is assigned a value but never used                                     no-unused-vars
   79:797     warning  'i' is assigned a value but never used                                     no-unused-vars
   79:819     warning  'a' is assigned a value but never used                                     no-unused-vars
   79:873     warning  'd' is assigned a value but never used                                     no-unused-vars
   79:3373    warning  Empty block statement                                                      no-empty
   79:16753   warning  'e' is defined but never used                                              no-unused-vars
   79:17241   warning  'r' is assigned a value but never used                                     no-unused-vars
   79:17249   warning  'a' is assigned a value but never used                                     no-unused-vars
   79:18941   warning  'mg' is a function                                                         no-func-assign
   79:29818   warning  Empty block statement                                                      no-empty
  152:3221    warning  'v' is assigned a value but never used                                     no-unused-vars
  152:5421    warning  Do not access Object.prototype method 'hasOwnProperty' from target object  no-prototype-builtins
  179:14174   warning  Do not access Object.prototype method 'hasOwnProperty' from target object  no-prototype-builtins
  179:18326   warning  Do not access Object.prototype method 'hasOwnProperty' from target object  no-prototype-builtins
  179:18350   warning  Do not access Object.prototype method 'hasOwnProperty' from target object  no-prototype-builtins
  179:18544   warning  'z' is assigned to itself                                                  no-self-assign
  179:34105   warning  'S' is assigned a value but never used                                     no-unused-vars
  181:4648    warning  'd' is assigned a value but never used                                     no-unused-vars
  181:4765    warning  'S' is assigned a value but never used                                     no-unused-vars
  181:4846    warning  'A' is assigned a value but never used                                     no-unused-vars
  181:5005    warning  'ut' is assigned a value but never used                                    no-unused-vars
  181:5176    warning  'Rt' is defined but never used                                             no-unused-vars
  181:8861    warning  'I' is defined but never used                                              no-unused-vars
  181:25655   warning  Do not access Object.prototype method 'hasOwnProperty' from target object  no-prototype-builtins
  181:27890   warning  'c' is assigned a value but never used                                     no-unused-vars
  181:28185   warning  'z' is assigned a value but never used                                     no-unused-vars
  181:28205   warning  'B' is assigned a value but never used                                     no-unused-vars
  181:28226   warning  'P' is assigned a value but never used                                     no-unused-vars
  181:28267   warning  'T' is assigned a value but never used                                     no-unused-vars
  181:37603   warning  'd' is assigned a value but never used                                     no-unused-vars
  181:41158   warning  'f' is assigned a value but never used                                     no-unused-vars
  181:41166   warning  'd' is assigned a value but never used                                     no-unused-vars
  181:41175   warning  'p' is assigned a value but never used                                     no-unused-vars
  181:41185   warning  'm' is assigned a value but never used                                     no-unused-vars
  181:41194   warning  'y' is assigned a value but never used                                     no-unused-vars
  181:41205   warning  'b' is assigned a value but never used                                     no-unused-vars
  181:41215   warning  'v' is assigned a value but never used                                     no-unused-vars
  181:42959   warning  'c' is assigned a value but never used                                     no-unused-vars
  181:42990   warning  'd' is assigned a value but never used                                     no-unused-vars
  181:42998   warning  'p' is assigned a value but never used                                     no-unused-vars
  181:43007   warning  'm' is assigned a value but never used                                     no-unused-vars
  181:43017   warning  'y' is assigned a value but never used                                     no-unused-vars
  181:43028   warning  'b' is assigned a value but never used                                     no-unused-vars
  181:45121   warning  'D' is defined but never used                                              no-unused-vars
  181:50058   warning  'l' is assigned a value but never used                                     no-unused-vars
  181:50077   warning  'f' is assigned a value but never used                                     no-unused-vars
  181:63966   warning  'e' is assigned a value but never used                                     no-unused-vars
  181:63976   warning  'i' is assigned a value but never used                                     no-unused-vars
  181:69624   warning  'I' is assigned a value but never used                                     no-unused-vars
  181:74359   warning  'D' is assigned a value but never used                                     no-unused-vars
  181:91306   warning  'A' is assigned a value but never used                                     no-unused-vars
  181:91317   warning  'z' is assigned a value but never used                                     no-unused-vars
  181:91337   warning  'B' is assigned a value but never used                                     no-unused-vars
  181:91446   warning  'I' is assigned a value but never used                                     no-unused-vars
  181:91471   warning  'q' is assigned a value but never used                                     no-unused-vars
  181:95694   warning  'I' is defined but never used                                              no-unused-vars
  181:100654  warning  'c' is assigned a value but never used                                     no-unused-vars
  191:649     warning  'r' is defined but never used                                              no-unused-vars
  191:13310   warning  Expected a 'break' statement before 'case'                                 no-fallthrough
  191:13517   warning  Expected a 'break' statement before 'case'                                 no-fallthrough
  191:17008   warning  'e' is defined but never used                                              no-unused-vars
  191:17010   warning  'i' is defined but never used                                              no-unused-vars
  191:17012   warning  'r' is defined but never used                                              no-unused-vars
  191:23533   warning  Empty block statement                                                      no-empty
  191:23866   warning  't' is defined but never used                                              no-unused-vars
  191:23930   warning  'e' is defined but never used                                              no-unused-vars
  196:12204   warning  'e' is defined but never used                                              no-unused-vars
  196:15688   warning  'e' is defined but never used                                              no-unused-vars
  196:15690   warning  'i' is defined but never used                                              no-unused-vars
  196:15692   warning  'r' is defined but never used                                              no-unused-vars
  196:15694   warning  'a' is defined but never used                                              no-unused-vars
  196:31730   warning  'e' is defined but never used                                              no-unused-vars
  196:31732   warning  'i' is defined but never used                                              no-unused-vars
  196:31751   warning  'e' is defined but never used                                              no-unused-vars
  196:31780   warning  'e' is defined but never used                                              no-unused-vars
  196:31782   warning  'i' is defined but never used                                              no-unused-vars
  196:31784   warning  'r' is defined but never used                                              no-unused-vars
  196:31808   warning  'e' is defined but never used                                              no-unused-vars
  196:31810   warning  'i' is defined but never used                                              no-unused-vars
  196:31812   warning  'r' is defined but never used                                              no-unused-vars
  196:31977   warning  'e' is defined but never used                                              no-unused-vars
  196:32002   warning  'e' is defined but never used                                              no-unused-vars
  196:34651   warning  'i.width' is assigned to itself                                            no-self-assign
  196:39458   warning  'i' is defined but never used                                              no-unused-vars
  196:46955   warning  'e' is defined but never used                                              no-unused-vars
  196:46957   warning  'i' is defined but never used                                              no-unused-vars
  196:46988   warning  'e' is defined but never used                                              no-unused-vars
  198:17598   warning  'i' is defined but never used                                              no-unused-vars
  198:22000   warning  'i' is defined but never used                                              no-unused-vars
  198:26642   warning  'RB' is defined but never used                                             no-unused-vars
  198:55892   warning  'e' is defined but never used                                              no-unused-vars
  198:64571   warning  'r' is assigned a value but never used                                     no-unused-vars
  198:64594   warning  'a' is assigned a value but never used                                     no-unused-vars
  198:64618   warning  'l' is assigned a value but never used                                     no-unused-vars
  198:70395   warning  'OB' is assigned a value but never used                                    no-unused-vars
  198:70403   warning  'kB' is assigned a value but never used                                    no-unused-vars
  198:70415   warning  'zB' is assigned a value but never used                                    no-unused-vars
  198:70428   warning  'DB' is assigned a value but never used                                    no-unused-vars

✖ 734 problems (0 errors, 734 warnings)

